Watching for file changes with StatReloader
D:\Babenko\Beetroot\project\posy\views.py changed, reloading.
Watching for file changes with StatReloader
D:\Babenko\Beetroot\project\posy\forms.py changed, reloading.
Watching for file changes with StatReloader
Internal Server Error: /login/
Traceback (most recent call last):
  File "D:\Babenko\Beetroot\venv\lib\site-packages\django\template\backends\django.py", line 62, in render
    return self.template.render(context)
  File "D:\Babenko\Beetroot\venv\lib\site-packages\django\template\base.py", line 175, in render
    return self._render(context)
  File "D:\Babenko\Beetroot\venv\lib\site-packages\django\template\base.py", line 167, in _render
    return self.nodelist.render(context)
  File "D:\Babenko\Beetroot\venv\lib\site-packages\django\template\base.py", line 1005, in render
    return SafeString("".join([node.render_annotated(context) for node in self]))
  File "D:\Babenko\Beetroot\venv\lib\site-packages\django\template\base.py", line 1005, in <listcomp>
    return SafeString("".join([node.render_annotated(context) for node in self]))
  File "D:\Babenko\Beetroot\venv\lib\site-packages\django\template\base.py", line 966, in render_annotated
    return self.render(context)
  File "D:\Babenko\Beetroot\venv\lib\site-packages\django\template\loader_tags.py", line 132, in render
    compiled_parent = self.get_parent(context)
  File "D:\Babenko\Beetroot\venv\lib\site-packages\django\template\loader_tags.py", line 129, in get_parent
    return self.find_template(parent, context)
  File "D:\Babenko\Beetroot\venv\lib\site-packages\django\template\loader_tags.py", line 107, in find_template
    template, origin = context.template.engine.find_template(
  File "D:\Babenko\Beetroot\venv\lib\site-packages\django\template\engine.py", line 161, in find_template
    raise TemplateDoesNotExist(name, tried=tried)
django.template.exceptions.TemplateDoesNotExist: mail.html

The above exception was the direct cause of the following exception:

Traceback (most recent call last):
  File "D:\Babenko\Beetroot\venv\lib\site-packages\django\core\handlers\exception.py", line 55, in inner
    response = get_response(request)
  File "D:\Babenko\Beetroot\venv\lib\site-packages\django\core\handlers\base.py", line 197, in _get_response
    response = wrapped_callback(request, *callback_args, **callback_kwargs)
  File "D:\Babenko\Beetroot\project\posy\views.py", line 51, in signin
    return render(request, 'login.html', {'form':form})
  File "D:\Babenko\Beetroot\venv\lib\site-packages\django\shortcuts.py", line 24, in render
    content = loader.render_to_string(template_name, context, request, using=using)
  File "D:\Babenko\Beetroot\venv\lib\site-packages\django\template\loader.py", line 62, in render_to_string
    return template.render(context, request)
  File "D:\Babenko\Beetroot\venv\lib\site-packages\django\template\backends\django.py", line 64, in render
    reraise(exc, self.backend)
  File "D:\Babenko\Beetroot\venv\lib\site-packages\django\template\backends\django.py", line 85, in reraise
    raise new from exc
django.template.exceptions.TemplateDoesNotExist: mail.html
D:\Babenko\Beetroot\project\posy\urls.py changed, reloading.
Watching for file changes with StatReloader
Watching for file changes with StatReloader
Not Found: /favicon.ico
Not Found: /favicon.ico
Not Found: /favicon.ico
Not Found: /favicon.ico
Not Found: /favicon.ico
Not Found: /favicon.ico
Not Found: /favicon.ico
Not Found: /favicon.ico
Not Found: /favicon.ico
D:\Babenko\Beetroot\project\posy\forms.py changed, reloading.
Watching for file changes with StatReloader
Not Found: /favicon.ico
D:\Babenko\Beetroot\project\posy\forms.py changed, reloading.
Watching for file changes with StatReloader
Watching for file changes with StatReloader
Watching for file changes with StatReloader
Watching for file changes with StatReloader
Not Found: /favicon.ico
Not Found: /favicon.ico
D:\Babenko\Beetroot\project\posy\forms.py changed, reloading.
Watching for file changes with StatReloader
Not Found: /favicon.ico
Not Found: /favicon.ico
Internal Server Error: /signup/
Traceback (most recent call last):
  File "D:\Babenko\Beetroot\venv\lib\site-packages\django\core\handlers\exception.py", line 55, in inner
    response = get_response(request)
  File "D:\Babenko\Beetroot\venv\lib\site-packages\django\core\handlers\base.py", line 197, in _get_response
    response = wrapped_callback(request, *callback_args, **callback_kwargs)
  File "D:\Babenko\Beetroot\project\posy\views.py", line 78, in signup
    return render(request, 'signup.html', {'form':form})
UnboundLocalError: local variable 'form' referenced before assignment
D:\Babenko\Beetroot\project\posy\views.py changed, reloading.
Watching for file changes with StatReloader
D:\Babenko\Beetroot\project\posy\urls.py changed, reloading.
Watching for file changes with StatReloader
D:\Babenko\Beetroot\project\posy\views.py changed, reloading.
Watching for file changes with StatReloader
D:\Babenko\Beetroot\project\posy\views.py changed, reloading.
Watching for file changes with StatReloader
D:\Babenko\Beetroot\project\posy\views.py changed, reloading.
Watching for file changes with StatReloader
D:\Babenko\Beetroot\project\posy\views.py changed, reloading.
Watching for file changes with StatReloader
D:\Babenko\Beetroot\project\posy\views.py changed, reloading.
Watching for file changes with StatReloader
D:\Babenko\Beetroot\project\posy\views.py changed, reloading.
Watching for file changes with StatReloader
D:\Babenko\Beetroot\project\posy\views.py changed, reloading.
Watching for file changes with StatReloader
Watching for file changes with StatReloader
D:\Babenko\Beetroot\project\posy\views.py changed, reloading.
Watching for file changes with StatReloader
Not Found: /favicon.ico
Not Found: /favicon.ico
Not Found: /favicon.ico
Not Found: /favicon.ico
Not Found: /favicon.ico
D:\Babenko\Beetroot\project\posy\forms.py changed, reloading.
Watching for file changes with StatReloader
D:\Babenko\Beetroot\project\posy\models.py changed, reloading.
Watching for file changes with StatReloader
D:\Babenko\Beetroot\project\posy\models.py changed, reloading.
Watching for file changes with StatReloader
D:\Babenko\Beetroot\project\posy\models.py changed, reloading.
Watching for file changes with StatReloader
D:\Babenko\Beetroot\project\posy\models.py changed, reloading.
Watching for file changes with StatReloader
Watching for file changes with StatReloader
D:\Babenko\Beetroot\project\posy\admin.py changed, reloading.
Watching for file changes with StatReloader
D:\Babenko\Beetroot\project\posy\views.py changed, reloading.
Watching for file changes with StatReloader
Not Found: /leave_feedback
D:\Babenko\Beetroot\project\posy\urls.py changed, reloading.
Watching for file changes with StatReloader
Internal Server Error: /leave_feedback/
Traceback (most recent call last):
  File "D:\Babenko\Beetroot\venv\lib\site-packages\django\utils\datastructures.py", line 84, in __getitem__
    list_ = super().__getitem__(key)
KeyError: 'full_name'

During handling of the above exception, another exception occurred:

Traceback (most recent call last):
  File "D:\Babenko\Beetroot\venv\lib\site-packages\django\core\handlers\exception.py", line 55, in inner
    response = get_response(request)
  File "D:\Babenko\Beetroot\venv\lib\site-packages\django\core\handlers\base.py", line 197, in _get_response
    response = wrapped_callback(request, *callback_args, **callback_kwargs)
  File "D:\Babenko\Beetroot\project\posy\views.py", line 89, in leave_feedback
    full_name = request.POST['full_name']
  File "D:\Babenko\Beetroot\venv\lib\site-packages\django\utils\datastructures.py", line 86, in __getitem__
    raise MultiValueDictKeyError(key)
django.utils.datastructures.MultiValueDictKeyError: 'full_name'
D:\Babenko\Beetroot\project\posy\urls.py changed, reloading.
Watching for file changes with StatReloader
D:\Babenko\Beetroot\project\posy\views.py changed, reloading.
Watching for file changes with StatReloader
D:\Babenko\Beetroot\project\posy\views.py changed, reloading.
Watching for file changes with StatReloader
Not Found: /leave_feedback/leave_feedback
Not Found: /leave_feedback/leave_feedback
Not Found: /leave_feedback/leave_feedback
Watching for file changes with StatReloader
D:\Babenko\Beetroot\project\posy\views.py changed, reloading.
Watching for file changes with StatReloader
Not Found: /leave_feedback/leave_feedback
Internal Server Error: /leave_feedback/
Traceback (most recent call last):
  File "D:\Babenko\Beetroot\venv\lib\site-packages\django\utils\datastructures.py", line 84, in __getitem__
    list_ = super().__getitem__(key)
KeyError: 'full_name'

During handling of the above exception, another exception occurred:

Traceback (most recent call last):
  File "D:\Babenko\Beetroot\venv\lib\site-packages\django\core\handlers\exception.py", line 55, in inner
    response = get_response(request)
  File "D:\Babenko\Beetroot\venv\lib\site-packages\django\core\handlers\base.py", line 197, in _get_response
    response = wrapped_callback(request, *callback_args, **callback_kwargs)
  File "D:\Babenko\Beetroot\project\posy\views.py", line 89, in leave_feedback
    full_name = request.POST['full_name']
  File "D:\Babenko\Beetroot\venv\lib\site-packages\django\utils\datastructures.py", line 86, in __getitem__
    raise MultiValueDictKeyError(key)
django.utils.datastructures.MultiValueDictKeyError: 'full_name'
Internal Server Error: /leave_feedback/
Traceback (most recent call last):
  File "D:\Babenko\Beetroot\venv\lib\site-packages\django\utils\datastructures.py", line 84, in __getitem__
    list_ = super().__getitem__(key)
KeyError: 'full_name'

During handling of the above exception, another exception occurred:

Traceback (most recent call last):
  File "D:\Babenko\Beetroot\venv\lib\site-packages\django\core\handlers\exception.py", line 55, in inner
    response = get_response(request)
  File "D:\Babenko\Beetroot\venv\lib\site-packages\django\core\handlers\base.py", line 197, in _get_response
    response = wrapped_callback(request, *callback_args, **callback_kwargs)
  File "D:\Babenko\Beetroot\project\posy\views.py", line 89, in leave_feedback
    full_name = request.POST['full_name']
  File "D:\Babenko\Beetroot\venv\lib\site-packages\django\utils\datastructures.py", line 86, in __getitem__
    raise MultiValueDictKeyError(key)
django.utils.datastructures.MultiValueDictKeyError: 'full_name'
Internal Server Error: /leave_feedback/
Traceback (most recent call last):
  File "D:\Babenko\Beetroot\venv\lib\site-packages\django\utils\datastructures.py", line 84, in __getitem__
    list_ = super().__getitem__(key)
KeyError: 'full_name'

During handling of the above exception, another exception occurred:

Traceback (most recent call last):
  File "D:\Babenko\Beetroot\venv\lib\site-packages\django\core\handlers\exception.py", line 55, in inner
    response = get_response(request)
  File "D:\Babenko\Beetroot\venv\lib\site-packages\django\core\handlers\base.py", line 197, in _get_response
    response = wrapped_callback(request, *callback_args, **callback_kwargs)
  File "D:\Babenko\Beetroot\project\posy\views.py", line 89, in leave_feedback
    full_name = request.POST['full_name']
  File "D:\Babenko\Beetroot\venv\lib\site-packages\django\utils\datastructures.py", line 86, in __getitem__
    raise MultiValueDictKeyError(key)
django.utils.datastructures.MultiValueDictKeyError: 'full_name'
Internal Server Error: /leave_feedback/
Traceback (most recent call last):
  File "D:\Babenko\Beetroot\venv\lib\site-packages\django\utils\datastructures.py", line 84, in __getitem__
    list_ = super().__getitem__(key)
KeyError: 'full_name'

During handling of the above exception, another exception occurred:

Traceback (most recent call last):
  File "D:\Babenko\Beetroot\venv\lib\site-packages\django\core\handlers\exception.py", line 55, in inner
    response = get_response(request)
  File "D:\Babenko\Beetroot\venv\lib\site-packages\django\core\handlers\base.py", line 197, in _get_response
    response = wrapped_callback(request, *callback_args, **callback_kwargs)
  File "D:\Babenko\Beetroot\project\posy\views.py", line 89, in leave_feedback
    full_name = request.POST['full_name']
  File "D:\Babenko\Beetroot\venv\lib\site-packages\django\utils\datastructures.py", line 86, in __getitem__
    raise MultiValueDictKeyError(key)
django.utils.datastructures.MultiValueDictKeyError: 'full_name'
Internal Server Error: /leave_feedback/
Traceback (most recent call last):
  File "D:\Babenko\Beetroot\venv\lib\site-packages\django\utils\datastructures.py", line 84, in __getitem__
    list_ = super().__getitem__(key)
KeyError: 'full_name'

During handling of the above exception, another exception occurred:

Traceback (most recent call last):
  File "D:\Babenko\Beetroot\venv\lib\site-packages\django\core\handlers\exception.py", line 55, in inner
    response = get_response(request)
  File "D:\Babenko\Beetroot\venv\lib\site-packages\django\core\handlers\base.py", line 197, in _get_response
    response = wrapped_callback(request, *callback_args, **callback_kwargs)
  File "D:\Babenko\Beetroot\project\posy\views.py", line 89, in leave_feedback
    full_name = request.POST['full_name']
  File "D:\Babenko\Beetroot\venv\lib\site-packages\django\utils\datastructures.py", line 86, in __getitem__
    raise MultiValueDictKeyError(key)
django.utils.datastructures.MultiValueDictKeyError: 'full_name'
Internal Server Error: /leave_feedback/
Traceback (most recent call last):
  File "D:\Babenko\Beetroot\venv\lib\site-packages\django\utils\datastructures.py", line 84, in __getitem__
    list_ = super().__getitem__(key)
KeyError: 'full_name'

During handling of the above exception, another exception occurred:

Traceback (most recent call last):
  File "D:\Babenko\Beetroot\venv\lib\site-packages\django\core\handlers\exception.py", line 55, in inner
    response = get_response(request)
  File "D:\Babenko\Beetroot\venv\lib\site-packages\django\core\handlers\base.py", line 197, in _get_response
    response = wrapped_callback(request, *callback_args, **callback_kwargs)
  File "D:\Babenko\Beetroot\project\posy\views.py", line 89, in leave_feedback
    full_name = request.POST['full_name']
  File "D:\Babenko\Beetroot\venv\lib\site-packages\django\utils\datastructures.py", line 86, in __getitem__
    raise MultiValueDictKeyError(key)
django.utils.datastructures.MultiValueDictKeyError: 'full_name'
Internal Server Error: /leave_feedback/
Traceback (most recent call last):
  File "D:\Babenko\Beetroot\venv\lib\site-packages\django\utils\datastructures.py", line 84, in __getitem__
    list_ = super().__getitem__(key)
KeyError: 'full_name'

During handling of the above exception, another exception occurred:

Traceback (most recent call last):
  File "D:\Babenko\Beetroot\venv\lib\site-packages\django\core\handlers\exception.py", line 55, in inner
    response = get_response(request)
  File "D:\Babenko\Beetroot\venv\lib\site-packages\django\core\handlers\base.py", line 197, in _get_response
    response = wrapped_callback(request, *callback_args, **callback_kwargs)
  File "D:\Babenko\Beetroot\project\posy\views.py", line 89, in leave_feedback
    full_name = request.POST['full_name']
  File "D:\Babenko\Beetroot\venv\lib\site-packages\django\utils\datastructures.py", line 86, in __getitem__
    raise MultiValueDictKeyError(key)
django.utils.datastructures.MultiValueDictKeyError: 'full_name'
Internal Server Error: /leave_feedback/
Traceback (most recent call last):
  File "D:\Babenko\Beetroot\venv\lib\site-packages\django\utils\datastructures.py", line 84, in __getitem__
    list_ = super().__getitem__(key)
KeyError: 'full_name'

During handling of the above exception, another exception occurred:

Traceback (most recent call last):
  File "D:\Babenko\Beetroot\venv\lib\site-packages\django\core\handlers\exception.py", line 55, in inner
    response = get_response(request)
  File "D:\Babenko\Beetroot\venv\lib\site-packages\django\core\handlers\base.py", line 197, in _get_response
    response = wrapped_callback(request, *callback_args, **callback_kwargs)
  File "D:\Babenko\Beetroot\project\posy\views.py", line 89, in leave_feedback
    full_name = request.POST['full_name']
  File "D:\Babenko\Beetroot\venv\lib\site-packages\django\utils\datastructures.py", line 86, in __getitem__
    raise MultiValueDictKeyError(key)
django.utils.datastructures.MultiValueDictKeyError: 'full_name'
D:\Babenko\Beetroot\project\posy\views.py changed, reloading.
Watching for file changes with StatReloader
Internal Server Error: /leave_feedback/
Traceback (most recent call last):
  File "D:\Babenko\Beetroot\venv\lib\site-packages\django\core\handlers\exception.py", line 55, in inner
    response = get_response(request)
  File "D:\Babenko\Beetroot\venv\lib\site-packages\django\core\handlers\base.py", line 197, in _get_response
    response = wrapped_callback(request, *callback_args, **callback_kwargs)
  File "D:\Babenko\Beetroot\project\posy\views.py", line 102, in leave_feedback
    return render(request, {'form':form})
  File "D:\Babenko\Beetroot\venv\lib\site-packages\django\shortcuts.py", line 24, in render
    content = loader.render_to_string(template_name, context, request, using=using)
  File "D:\Babenko\Beetroot\venv\lib\site-packages\django\template\loader.py", line 61, in render_to_string
    template = get_template(template_name, using=using)
  File "D:\Babenko\Beetroot\venv\lib\site-packages\django\template\loader.py", line 15, in get_template
    return engine.get_template(template_name)
  File "D:\Babenko\Beetroot\venv\lib\site-packages\django\template\backends\django.py", line 34, in get_template
    return Template(self.engine.get_template(template_name), self)
  File "D:\Babenko\Beetroot\venv\lib\site-packages\django\template\engine.py", line 175, in get_template
    template, origin = self.find_template(template_name)
  File "D:\Babenko\Beetroot\venv\lib\site-packages\django\template\engine.py", line 157, in find_template
    template = loader.get_template(name, skip=skip)
  File "D:\Babenko\Beetroot\venv\lib\site-packages\django\template\loaders\cached.py", line 57, in get_template
    template = super().get_template(template_name, skip)
  File "D:\Babenko\Beetroot\venv\lib\site-packages\django\template\loaders\base.py", line 17, in get_template
    for origin in self.get_template_sources(template_name):
  File "D:\Babenko\Beetroot\venv\lib\site-packages\django\template\loaders\cached.py", line 70, in get_template_sources
    yield from loader.get_template_sources(template_name)
  File "D:\Babenko\Beetroot\venv\lib\site-packages\django\template\loaders\filesystem.py", line 35, in get_template_sources
    name = safe_join(template_dir, template_name)
  File "D:\Babenko\Beetroot\venv\lib\site-packages\django\utils\_os.py", line 17, in safe_join
    final_path = abspath(join(base, *paths))
  File "C:\Users\Настя\AppData\Local\Programs\Python\Python310\lib\ntpath.py", line 143, in join
    genericpath._check_arg_types('join', path, *paths)
  File "C:\Users\Настя\AppData\Local\Programs\Python\Python310\lib\genericpath.py", line 152, in _check_arg_types
    raise TypeError(f'{funcname}() argument must be str, bytes, or '
TypeError: join() argument must be str, bytes, or os.PathLike object, not 'dict'
D:\Babenko\Beetroot\project\posy\views.py changed, reloading.
Watching for file changes with StatReloader
D:\Babenko\Beetroot\project\posy\views.py changed, reloading.
Watching for file changes with StatReloader
Not Found: /leave_feedback/leave_feedback
Not Found: /leave_feedback/leave_feedback
Watching for file changes with StatReloader
Internal Server Error: /leave_feedback/
Traceback (most recent call last):
  File "D:\Babenko\Beetroot\venv\lib\site-packages\django\core\handlers\exception.py", line 55, in inner
    response = get_response(request)
  File "D:\Babenko\Beetroot\venv\lib\site-packages\django\core\handlers\base.py", line 197, in _get_response
    response = wrapped_callback(request, *callback_args, **callback_kwargs)
  File "D:\Babenko\Beetroot\project\posy\views.py", line 101, in leave_feedback
    raise TypeError('No request post')
TypeError: No request post
Internal Server Error: /leave_feedback/
Traceback (most recent call last):
  File "D:\Babenko\Beetroot\venv\lib\site-packages\django\core\handlers\exception.py", line 55, in inner
    response = get_response(request)
  File "D:\Babenko\Beetroot\venv\lib\site-packages\django\core\handlers\base.py", line 197, in _get_response
    response = wrapped_callback(request, *callback_args, **callback_kwargs)
  File "D:\Babenko\Beetroot\project\posy\views.py", line 101, in leave_feedback
    raise TypeError('No request post')
TypeError: No request post
Internal Server Error: /leave_feedback/
Traceback (most recent call last):
  File "D:\Babenko\Beetroot\venv\lib\site-packages\django\core\handlers\exception.py", line 55, in inner
    response = get_response(request)
  File "D:\Babenko\Beetroot\venv\lib\site-packages\django\core\handlers\base.py", line 197, in _get_response
    response = wrapped_callback(request, *callback_args, **callback_kwargs)
  File "D:\Babenko\Beetroot\project\posy\views.py", line 101, in leave_feedback
    raise TypeError('No request post')
TypeError: No request post
Watching for file changes with StatReloader
Internal Server Error: /leave_feedback/
Traceback (most recent call last):
  File "D:\Babenko\Beetroot\venv\lib\site-packages\django\core\handlers\exception.py", line 55, in inner
    response = get_response(request)
  File "D:\Babenko\Beetroot\venv\lib\site-packages\django\core\handlers\base.py", line 204, in _get_response
    self.check_response(response, callback)
  File "D:\Babenko\Beetroot\venv\lib\site-packages\django\core\handlers\base.py", line 332, in check_response
    raise ValueError(
ValueError: The view posy.views.leave_feedback didn't return an HttpResponse object. It returned None instead.
D:\Babenko\Beetroot\project\posy\views.py changed, reloading.
Watching for file changes with StatReloader
Internal Server Error: /leave_feedback/
Traceback (most recent call last):
  File "D:\Babenko\Beetroot\project\posy\views.py", line 97, in leave_feedback
    return HttpResponseRedirect(reverse('home.html'))
  File "D:\Babenko\Beetroot\venv\lib\site-packages\django\urls\base.py", line 88, in reverse
    return resolver._reverse_with_prefix(view, prefix, *args, **kwargs)
  File "D:\Babenko\Beetroot\venv\lib\site-packages\django\urls\resolvers.py", line 828, in _reverse_with_prefix
    raise NoReverseMatch(msg)
django.urls.exceptions.NoReverseMatch: Reverse for 'home.html' not found. 'home.html' is not a valid view function or pattern name.

During handling of the above exception, another exception occurred:

Traceback (most recent call last):
  File "D:\Babenko\Beetroot\venv\lib\site-packages\django\core\handlers\exception.py", line 55, in inner
    response = get_response(request)
  File "D:\Babenko\Beetroot\venv\lib\site-packages\django\core\handlers\base.py", line 197, in _get_response
    response = wrapped_callback(request, *callback_args, **callback_kwargs)
  File "D:\Babenko\Beetroot\project\posy\views.py", line 99, in leave_feedback
    logging(error)
TypeError: 'module' object is not callable
D:\Babenko\Beetroot\project\posy\views.py changed, reloading.
Watching for file changes with StatReloader
D:\Babenko\Beetroot\project\posy\models.py changed, reloading.
Watching for file changes with StatReloader
D:\Babenko\Beetroot\project\posy\views.py changed, reloading.
Watching for file changes with StatReloader
Internal Server Error: /leave_feedback/
Traceback (most recent call last):
  File "D:\Babenko\Beetroot\venv\lib\site-packages\django\core\handlers\exception.py", line 55, in inner
    response = get_response(request)
  File "D:\Babenko\Beetroot\venv\lib\site-packages\django\core\handlers\base.py", line 197, in _get_response
    response = wrapped_callback(request, *callback_args, **callback_kwargs)
  File "D:\Babenko\Beetroot\project\posy\views.py", line 94, in leave_feedback
    user_exist = Feedback.get_client_by_email(sender)
  File "D:\Babenko\Beetroot\project\posy\models.py", line 87, in get_client_by_email
    return Feedback.objects.get(email=email)
  File "D:\Babenko\Beetroot\venv\lib\site-packages\django\db\models\manager.py", line 85, in manager_method
    return getattr(self.get_queryset(), name)(*args, **kwargs)
  File "D:\Babenko\Beetroot\venv\lib\site-packages\django\db\models\query.py", line 636, in get
    clone = self._chain() if self.query.combinator else self.filter(*args, **kwargs)
  File "D:\Babenko\Beetroot\venv\lib\site-packages\django\db\models\query.py", line 1421, in filter
    return self._filter_or_exclude(False, args, kwargs)
  File "D:\Babenko\Beetroot\venv\lib\site-packages\django\db\models\query.py", line 1439, in _filter_or_exclude
    clone._filter_or_exclude_inplace(negate, args, kwargs)
  File "D:\Babenko\Beetroot\venv\lib\site-packages\django\db\models\query.py", line 1446, in _filter_or_exclude_inplace
    self._query.add_q(Q(*args, **kwargs))
  File "D:\Babenko\Beetroot\venv\lib\site-packages\django\db\models\sql\query.py", line 1532, in add_q
    clause, _ = self._add_q(q_object, self.used_aliases)
  File "D:\Babenko\Beetroot\venv\lib\site-packages\django\db\models\sql\query.py", line 1562, in _add_q
    child_clause, needed_inner = self.build_filter(
  File "D:\Babenko\Beetroot\venv\lib\site-packages\django\db\models\sql\query.py", line 1407, in build_filter
    lookups, parts, reffed_expression = self.solve_lookup_type(arg)
  File "D:\Babenko\Beetroot\venv\lib\site-packages\django\db\models\sql\query.py", line 1217, in solve_lookup_type
    _, field, _, lookup_parts = self.names_to_path(lookup_splitted, self.get_meta())
  File "D:\Babenko\Beetroot\venv\lib\site-packages\django\db\models\sql\query.py", line 1709, in names_to_path
    raise FieldError(
django.core.exceptions.FieldError: Cannot resolve keyword 'email' into field. Choices are: full_name, id, message, phone, sender
D:\Babenko\Beetroot\project\posy\models.py changed, reloading.
Watching for file changes with StatReloader
Internal Server Error: /leave_feedback/
Traceback (most recent call last):
  File "D:\Babenko\Beetroot\venv\lib\site-packages\django\core\handlers\exception.py", line 55, in inner
    response = get_response(request)
  File "D:\Babenko\Beetroot\venv\lib\site-packages\django\core\handlers\base.py", line 197, in _get_response
    response = wrapped_callback(request, *callback_args, **callback_kwargs)
  File "D:\Babenko\Beetroot\project\posy\views.py", line 94, in leave_feedback
    user_exist = Feedback.get_client_by_email(sender)
  File "D:\Babenko\Beetroot\project\posy\models.py", line 87, in get_client_by_email
    return Feedback.objects.get(sender=email)
  File "D:\Babenko\Beetroot\venv\lib\site-packages\django\db\models\manager.py", line 85, in manager_method
    return getattr(self.get_queryset(), name)(*args, **kwargs)
  File "D:\Babenko\Beetroot\venv\lib\site-packages\django\db\models\query.py", line 653, in get
    raise self.model.MultipleObjectsReturned(
posy.models.Feedback.MultipleObjectsReturned: get() returned more than one Feedback -- it returned 5!
Internal Server Error: /leave_feedback/
Traceback (most recent call last):
  File "D:\Babenko\Beetroot\venv\lib\site-packages\django\core\handlers\exception.py", line 55, in inner
    response = get_response(request)
  File "D:\Babenko\Beetroot\venv\lib\site-packages\django\core\handlers\base.py", line 197, in _get_response
    response = wrapped_callback(request, *callback_args, **callback_kwargs)
  File "D:\Babenko\Beetroot\project\posy\views.py", line 94, in leave_feedback
    user_exist = Feedback.get_client_by_email(sender)
  File "D:\Babenko\Beetroot\project\posy\models.py", line 87, in get_client_by_email
    return Feedback.objects.get(sender=email)
  File "D:\Babenko\Beetroot\venv\lib\site-packages\django\db\models\manager.py", line 85, in manager_method
    return getattr(self.get_queryset(), name)(*args, **kwargs)
  File "D:\Babenko\Beetroot\venv\lib\site-packages\django\db\models\query.py", line 650, in get
    raise self.model.DoesNotExist(
posy.models.Feedback.DoesNotExist: Feedback matching query does not exist.
D:\Babenko\Beetroot\project\posy\models.py changed, reloading.
Watching for file changes with StatReloader
D:\Babenko\Beetroot\project\posy\views.py changed, reloading.
Watching for file changes with StatReloader
Internal Server Error: /leave_feedback/
Traceback (most recent call last):
  File "D:\Babenko\Beetroot\venv\lib\site-packages\django\core\handlers\exception.py", line 55, in inner
    response = get_response(request)
  File "D:\Babenko\Beetroot\venv\lib\site-packages\django\core\handlers\base.py", line 197, in _get_response
    response = wrapped_callback(request, *callback_args, **callback_kwargs)
  File "D:\Babenko\Beetroot\project\posy\views.py", line 94, in leave_feedback
    user_exist = Feedback.get_client_by_email(sender)
  File "D:\Babenko\Beetroot\project\posy\models.py", line 87, in get_client_by_email
    return Feedback.objects.get(sender=sender)
  File "D:\Babenko\Beetroot\venv\lib\site-packages\django\db\models\manager.py", line 85, in manager_method
    return getattr(self.get_queryset(), name)(*args, **kwargs)
  File "D:\Babenko\Beetroot\venv\lib\site-packages\django\db\models\query.py", line 650, in get
    raise self.model.DoesNotExist(
posy.models.Feedback.DoesNotExist: Feedback matching query does not exist.
D:\Babenko\Beetroot\project\posy\models.py changed, reloading.
Watching for file changes with StatReloader
Watching for file changes with StatReloader
Internal Server Error: /leave_feedback/
Traceback (most recent call last):
  File "D:\Babenko\Beetroot\venv\lib\site-packages\django\core\handlers\exception.py", line 55, in inner
    response = get_response(request)
  File "D:\Babenko\Beetroot\venv\lib\site-packages\django\core\handlers\base.py", line 197, in _get_response
    response = wrapped_callback(request, *callback_args, **callback_kwargs)
  File "D:\Babenko\Beetroot\project\posy\views.py", line 94, in leave_feedback
    user_exist = Feedback.get_client_by_email(sender)
  File "D:\Babenko\Beetroot\project\posy\models.py", line 87, in get_client_by_email
    return Feedback.objects.get(sender=email)
  File "D:\Babenko\Beetroot\venv\lib\site-packages\django\db\models\manager.py", line 85, in manager_method
    return getattr(self.get_queryset(), name)(*args, **kwargs)
  File "D:\Babenko\Beetroot\venv\lib\site-packages\django\db\models\query.py", line 650, in get
    raise self.model.DoesNotExist(
posy.models.Feedback.DoesNotExist: Feedback matching query does not exist.
D:\Babenko\Beetroot\project\posy\models.py changed, reloading.
Watching for file changes with StatReloader
Internal Server Error: /leave_feedback/
Traceback (most recent call last):
  File "D:\Babenko\Beetroot\venv\lib\site-packages\django\core\handlers\exception.py", line 55, in inner
    response = get_response(request)
  File "D:\Babenko\Beetroot\venv\lib\site-packages\django\core\handlers\base.py", line 197, in _get_response
    response = wrapped_callback(request, *callback_args, **callback_kwargs)
  File "D:\Babenko\Beetroot\project\posy\views.py", line 94, in leave_feedback
    user_exists = Feedback.get_client_by_email(sender)
  File "D:\Babenko\Beetroot\project\posy\models.py", line 87, in get_client_by_email
    return Feedback.objects.get(sender=email)
  File "D:\Babenko\Beetroot\venv\lib\site-packages\django\db\models\manager.py", line 85, in manager_method
    return getattr(self.get_queryset(), name)(*args, **kwargs)
  File "D:\Babenko\Beetroot\venv\lib\site-packages\django\db\models\query.py", line 650, in get
    raise self.model.DoesNotExist(
posy.models.Feedback.DoesNotExist: Feedback matching query does not exist.
D:\Babenko\Beetroot\project\posy\models.py changed, reloading.
Watching for file changes with StatReloader
D:\Babenko\Beetroot\project\posy\views.py changed, reloading.
Watching for file changes with StatReloader
D:\Babenko\Beetroot\project\posy\views.py changed, reloading.
Watching for file changes with StatReloader
D:\Babenko\Beetroot\project\posy\views.py changed, reloading.
Watching for file changes with StatReloader
D:\Babenko\Beetroot\project\posy\views.py changed, reloading.
Watching for file changes with StatReloader
Internal Server Error: /leave_feedback/
Traceback (most recent call last):
  File "D:\Babenko\Beetroot\venv\lib\site-packages\django\core\handlers\exception.py", line 55, in inner
    response = get_response(request)
  File "D:\Babenko\Beetroot\venv\lib\site-packages\django\core\handlers\base.py", line 197, in _get_response
    response = wrapped_callback(request, *callback_args, **callback_kwargs)
  File "D:\Babenko\Beetroot\project\posy\views.py", line 97, in leave_feedback
    user_exists.message += '\n' + str(message) + (datetime.now)
TypeError: can only concatenate str (not "builtin_function_or_method") to str
D:\Babenko\Beetroot\project\posy\views.py changed, reloading.
Watching for file changes with StatReloader
D:\Babenko\Beetroot\project\posy\views.py changed, reloading.
Watching for file changes with StatReloader
D:\Babenko\Beetroot\project\posy\views.py changed, reloading.
Watching for file changes with StatReloader
D:\Babenko\Beetroot\project\posy\views.py changed, reloading.
Watching for file changes with StatReloader
Internal Server Error: /leave_feedback/
Traceback (most recent call last):
  File "D:\Babenko\Beetroot\venv\lib\site-packages\django\core\handlers\exception.py", line 55, in inner
    response = get_response(request)
  File "D:\Babenko\Beetroot\venv\lib\site-packages\django\core\handlers\base.py", line 197, in _get_response
    response = wrapped_callback(request, *callback_args, **callback_kwargs)
  File "D:\Babenko\Beetroot\project\posy\views.py", line 97, in leave_feedback
    user_exists.message += '\n' + str(message) + datetime.now.strftime("%m/%d/%Y, %H:%M:%S")
AttributeError: 'builtin_function_or_method' object has no attribute 'strftime'
D:\Babenko\Beetroot\project\posy\views.py changed, reloading.
Watching for file changes with StatReloader
D:\Babenko\Beetroot\project\posy\views.py changed, reloading.
Watching for file changes with StatReloader
D:\Babenko\Beetroot\project\posy\views.py changed, reloading.
Watching for file changes with StatReloader
D:\Babenko\Beetroot\project\posy\views.py changed, reloading.
Watching for file changes with StatReloader
D:\Babenko\Beetroot\project\posy\views.py changed, reloading.
Watching for file changes with StatReloader
Watching for file changes with StatReloader
Not Found: /favicon.ico
D:\Babenko\Beetroot\project\posy\views.py changed, reloading.
Watching for file changes with StatReloader
D:\Babenko\Beetroot\project\posy\views.py changed, reloading.
Watching for file changes with StatReloader
Internal Server Error: /
Traceback (most recent call last):
  File "D:\Babenko\Beetroot\venv\lib\site-packages\django\core\handlers\exception.py", line 55, in inner
    response = get_response(request)
  File "D:\Babenko\Beetroot\venv\lib\site-packages\django\core\handlers\base.py", line 197, in _get_response
    response = wrapped_callback(request, *callback_args, **callback_kwargs)
  File "D:\Babenko\Beetroot\project\posy\views.py", line 22, in home
    return HttpResponse(template.render(context, request))
  File "D:\Babenko\Beetroot\venv\lib\site-packages\django\template\backends\django.py", line 62, in render
    return self.template.render(context)
  File "D:\Babenko\Beetroot\venv\lib\site-packages\django\template\base.py", line 175, in render
    return self._render(context)
  File "D:\Babenko\Beetroot\venv\lib\site-packages\django\template\base.py", line 167, in _render
    return self.nodelist.render(context)
  File "D:\Babenko\Beetroot\venv\lib\site-packages\django\template\base.py", line 1005, in render
    return SafeString("".join([node.render_annotated(context) for node in self]))
  File "D:\Babenko\Beetroot\venv\lib\site-packages\django\template\base.py", line 1005, in <listcomp>
    return SafeString("".join([node.render_annotated(context) for node in self]))
  File "D:\Babenko\Beetroot\venv\lib\site-packages\django\template\base.py", line 966, in render_annotated
    return self.render(context)
  File "D:\Babenko\Beetroot\venv\lib\site-packages\django\template\loader_tags.py", line 157, in render
    return compiled_parent._render(context)
  File "D:\Babenko\Beetroot\venv\lib\site-packages\django\template\base.py", line 167, in _render
    return self.nodelist.render(context)
  File "D:\Babenko\Beetroot\venv\lib\site-packages\django\template\base.py", line 1005, in render
    return SafeString("".join([node.render_annotated(context) for node in self]))
  File "D:\Babenko\Beetroot\venv\lib\site-packages\django\template\base.py", line 1005, in <listcomp>
    return SafeString("".join([node.render_annotated(context) for node in self]))
  File "D:\Babenko\Beetroot\venv\lib\site-packages\django\template\base.py", line 966, in render_annotated
    return self.render(context)
  File "D:\Babenko\Beetroot\venv\lib\site-packages\django\template\loader_tags.py", line 63, in render
    result = block.nodelist.render(context)
  File "D:\Babenko\Beetroot\venv\lib\site-packages\django\template\base.py", line 1005, in render
    return SafeString("".join([node.render_annotated(context) for node in self]))
  File "D:\Babenko\Beetroot\venv\lib\site-packages\django\template\base.py", line 1005, in <listcomp>
    return SafeString("".join([node.render_annotated(context) for node in self]))
  File "D:\Babenko\Beetroot\venv\lib\site-packages\django\template\base.py", line 966, in render_annotated
    return self.render(context)
  File "D:\Babenko\Beetroot\venv\lib\site-packages\django\template\loader_tags.py", line 197, in render
    template = context.template.engine.select_template(template_name)
  File "D:\Babenko\Beetroot\venv\lib\site-packages\django\template\engine.py", line 206, in select_template
    return self.get_template(template_name)
  File "D:\Babenko\Beetroot\venv\lib\site-packages\django\template\engine.py", line 175, in get_template
    template, origin = self.find_template(template_name)
  File "D:\Babenko\Beetroot\venv\lib\site-packages\django\template\engine.py", line 157, in find_template
    template = loader.get_template(name, skip=skip)
  File "D:\Babenko\Beetroot\venv\lib\site-packages\django\template\loaders\cached.py", line 57, in get_template
    template = super().get_template(template_name, skip)
  File "D:\Babenko\Beetroot\venv\lib\site-packages\django\template\loaders\base.py", line 28, in get_template
    return Template(
  File "D:\Babenko\Beetroot\venv\lib\site-packages\django\template\base.py", line 154, in __init__
    self.nodelist = self.compile_nodelist()
  File "D:\Babenko\Beetroot\venv\lib\site-packages\django\template\base.py", line 200, in compile_nodelist
    return parser.parse()
  File "D:\Babenko\Beetroot\venv\lib\site-packages\django\template\base.py", line 513, in parse
    raise self.error(token, e)
  File "D:\Babenko\Beetroot\venv\lib\site-packages\django\template\base.py", line 511, in parse
    compiled_result = compile_func(self, token)
  File "D:\Babenko\Beetroot\venv\lib\site-packages\django\template\defaulttags.py", line 854, in do_for
    nodelist_loop = parser.parse(
  File "D:\Babenko\Beetroot\venv\lib\site-packages\django\template\base.py", line 484, in parse
    raise self.error(token, e)
  File "D:\Babenko\Beetroot\venv\lib\site-packages\django\template\base.py", line 482, in parse
    filter_expression = self.compile_filter(token.contents)
  File "D:\Babenko\Beetroot\venv\lib\site-packages\django\template\base.py", line 600, in compile_filter
    return FilterExpression(token, self)
  File "D:\Babenko\Beetroot\venv\lib\site-packages\django\template\base.py", line 703, in __init__
    raise TemplateSyntaxError(
django.template.exceptions.TemplateSyntaxError: Could not parse the remainder: '[:10]' from 'feedback.message[:10]'
Internal Server Error: /
Traceback (most recent call last):
  File "D:\Babenko\Beetroot\venv\lib\site-packages\django\core\handlers\exception.py", line 55, in inner
    response = get_response(request)
  File "D:\Babenko\Beetroot\venv\lib\site-packages\django\core\handlers\base.py", line 197, in _get_response
    response = wrapped_callback(request, *callback_args, **callback_kwargs)
  File "D:\Babenko\Beetroot\project\posy\views.py", line 22, in home
    return HttpResponse(template.render(context, request))
  File "D:\Babenko\Beetroot\venv\lib\site-packages\django\template\backends\django.py", line 62, in render
    return self.template.render(context)
  File "D:\Babenko\Beetroot\venv\lib\site-packages\django\template\base.py", line 175, in render
    return self._render(context)
  File "D:\Babenko\Beetroot\venv\lib\site-packages\django\template\base.py", line 167, in _render
    return self.nodelist.render(context)
  File "D:\Babenko\Beetroot\venv\lib\site-packages\django\template\base.py", line 1005, in render
    return SafeString("".join([node.render_annotated(context) for node in self]))
  File "D:\Babenko\Beetroot\venv\lib\site-packages\django\template\base.py", line 1005, in <listcomp>
    return SafeString("".join([node.render_annotated(context) for node in self]))
  File "D:\Babenko\Beetroot\venv\lib\site-packages\django\template\base.py", line 966, in render_annotated
    return self.render(context)
  File "D:\Babenko\Beetroot\venv\lib\site-packages\django\template\loader_tags.py", line 157, in render
    return compiled_parent._render(context)
  File "D:\Babenko\Beetroot\venv\lib\site-packages\django\template\base.py", line 167, in _render
    return self.nodelist.render(context)
  File "D:\Babenko\Beetroot\venv\lib\site-packages\django\template\base.py", line 1005, in render
    return SafeString("".join([node.render_annotated(context) for node in self]))
  File "D:\Babenko\Beetroot\venv\lib\site-packages\django\template\base.py", line 1005, in <listcomp>
    return SafeString("".join([node.render_annotated(context) for node in self]))
  File "D:\Babenko\Beetroot\venv\lib\site-packages\django\template\base.py", line 966, in render_annotated
    return self.render(context)
  File "D:\Babenko\Beetroot\venv\lib\site-packages\django\template\loader_tags.py", line 63, in render
    result = block.nodelist.render(context)
  File "D:\Babenko\Beetroot\venv\lib\site-packages\django\template\base.py", line 1005, in render
    return SafeString("".join([node.render_annotated(context) for node in self]))
  File "D:\Babenko\Beetroot\venv\lib\site-packages\django\template\base.py", line 1005, in <listcomp>
    return SafeString("".join([node.render_annotated(context) for node in self]))
  File "D:\Babenko\Beetroot\venv\lib\site-packages\django\template\base.py", line 966, in render_annotated
    return self.render(context)
  File "D:\Babenko\Beetroot\venv\lib\site-packages\django\template\loader_tags.py", line 197, in render
    template = context.template.engine.select_template(template_name)
  File "D:\Babenko\Beetroot\venv\lib\site-packages\django\template\engine.py", line 206, in select_template
    return self.get_template(template_name)
  File "D:\Babenko\Beetroot\venv\lib\site-packages\django\template\engine.py", line 175, in get_template
    template, origin = self.find_template(template_name)
  File "D:\Babenko\Beetroot\venv\lib\site-packages\django\template\engine.py", line 157, in find_template
    template = loader.get_template(name, skip=skip)
  File "D:\Babenko\Beetroot\venv\lib\site-packages\django\template\loaders\cached.py", line 57, in get_template
    template = super().get_template(template_name, skip)
  File "D:\Babenko\Beetroot\venv\lib\site-packages\django\template\loaders\base.py", line 28, in get_template
    return Template(
  File "D:\Babenko\Beetroot\venv\lib\site-packages\django\template\base.py", line 154, in __init__
    self.nodelist = self.compile_nodelist()
  File "D:\Babenko\Beetroot\venv\lib\site-packages\django\template\base.py", line 200, in compile_nodelist
    return parser.parse()
  File "D:\Babenko\Beetroot\venv\lib\site-packages\django\template\base.py", line 513, in parse
    raise self.error(token, e)
  File "D:\Babenko\Beetroot\venv\lib\site-packages\django\template\base.py", line 511, in parse
    compiled_result = compile_func(self, token)
  File "D:\Babenko\Beetroot\venv\lib\site-packages\django\template\defaulttags.py", line 854, in do_for
    nodelist_loop = parser.parse(
  File "D:\Babenko\Beetroot\venv\lib\site-packages\django\template\base.py", line 518, in parse
    self.unclosed_block_tag(parse_until)
  File "D:\Babenko\Beetroot\venv\lib\site-packages\django\template\base.py", line 581, in unclosed_block_tag
    raise self.error(token, msg)
django.template.exceptions.TemplateSyntaxError: Unclosed tag on line 19: 'for'. Looking for one of: empty, endfor.
Internal Server Error: /
Traceback (most recent call last):
  File "D:\Babenko\Beetroot\venv\lib\site-packages\django\core\handlers\exception.py", line 55, in inner
    response = get_response(request)
  File "D:\Babenko\Beetroot\venv\lib\site-packages\django\core\handlers\base.py", line 197, in _get_response
    response = wrapped_callback(request, *callback_args, **callback_kwargs)
  File "D:\Babenko\Beetroot\project\posy\views.py", line 22, in home
    return HttpResponse(template.render(context, request))
  File "D:\Babenko\Beetroot\venv\lib\site-packages\django\template\backends\django.py", line 62, in render
    return self.template.render(context)
  File "D:\Babenko\Beetroot\venv\lib\site-packages\django\template\base.py", line 175, in render
    return self._render(context)
  File "D:\Babenko\Beetroot\venv\lib\site-packages\django\template\base.py", line 167, in _render
    return self.nodelist.render(context)
  File "D:\Babenko\Beetroot\venv\lib\site-packages\django\template\base.py", line 1005, in render
    return SafeString("".join([node.render_annotated(context) for node in self]))
  File "D:\Babenko\Beetroot\venv\lib\site-packages\django\template\base.py", line 1005, in <listcomp>
    return SafeString("".join([node.render_annotated(context) for node in self]))
  File "D:\Babenko\Beetroot\venv\lib\site-packages\django\template\base.py", line 966, in render_annotated
    return self.render(context)
  File "D:\Babenko\Beetroot\venv\lib\site-packages\django\template\loader_tags.py", line 157, in render
    return compiled_parent._render(context)
  File "D:\Babenko\Beetroot\venv\lib\site-packages\django\template\base.py", line 167, in _render
    return self.nodelist.render(context)
  File "D:\Babenko\Beetroot\venv\lib\site-packages\django\template\base.py", line 1005, in render
    return SafeString("".join([node.render_annotated(context) for node in self]))
  File "D:\Babenko\Beetroot\venv\lib\site-packages\django\template\base.py", line 1005, in <listcomp>
    return SafeString("".join([node.render_annotated(context) for node in self]))
  File "D:\Babenko\Beetroot\venv\lib\site-packages\django\template\base.py", line 966, in render_annotated
    return self.render(context)
  File "D:\Babenko\Beetroot\venv\lib\site-packages\django\template\loader_tags.py", line 63, in render
    result = block.nodelist.render(context)
  File "D:\Babenko\Beetroot\venv\lib\site-packages\django\template\base.py", line 1005, in render
    return SafeString("".join([node.render_annotated(context) for node in self]))
  File "D:\Babenko\Beetroot\venv\lib\site-packages\django\template\base.py", line 1005, in <listcomp>
    return SafeString("".join([node.render_annotated(context) for node in self]))
  File "D:\Babenko\Beetroot\venv\lib\site-packages\django\template\base.py", line 966, in render_annotated
    return self.render(context)
  File "D:\Babenko\Beetroot\venv\lib\site-packages\django\template\loader_tags.py", line 197, in render
    template = context.template.engine.select_template(template_name)
  File "D:\Babenko\Beetroot\venv\lib\site-packages\django\template\engine.py", line 206, in select_template
    return self.get_template(template_name)
  File "D:\Babenko\Beetroot\venv\lib\site-packages\django\template\engine.py", line 175, in get_template
    template, origin = self.find_template(template_name)
  File "D:\Babenko\Beetroot\venv\lib\site-packages\django\template\engine.py", line 157, in find_template
    template = loader.get_template(name, skip=skip)
  File "D:\Babenko\Beetroot\venv\lib\site-packages\django\template\loaders\cached.py", line 57, in get_template
    template = super().get_template(template_name, skip)
  File "D:\Babenko\Beetroot\venv\lib\site-packages\django\template\loaders\base.py", line 28, in get_template
    return Template(
  File "D:\Babenko\Beetroot\venv\lib\site-packages\django\template\base.py", line 154, in __init__
    self.nodelist = self.compile_nodelist()
  File "D:\Babenko\Beetroot\venv\lib\site-packages\django\template\base.py", line 200, in compile_nodelist
    return parser.parse()
  File "D:\Babenko\Beetroot\venv\lib\site-packages\django\template\base.py", line 513, in parse
    raise self.error(token, e)
  File "D:\Babenko\Beetroot\venv\lib\site-packages\django\template\base.py", line 511, in parse
    compiled_result = compile_func(self, token)
  File "D:\Babenko\Beetroot\venv\lib\site-packages\django\template\defaulttags.py", line 853, in do_for
    sequence = parser.compile_filter(bits[in_index + 1])
  File "D:\Babenko\Beetroot\venv\lib\site-packages\django\template\base.py", line 600, in compile_filter
    return FilterExpression(token, self)
  File "D:\Babenko\Beetroot\venv\lib\site-packages\django\template\base.py", line 703, in __init__
    raise TemplateSyntaxError(
django.template.exceptions.TemplateSyntaxError: Could not parse the remainder: '(3)' from 'range(3)'
D:\Babenko\Beetroot\project\posy\views.py changed, reloading.
Watching for file changes with StatReloader
D:\Babenko\Beetroot\project\posy\views.py changed, reloading.
Watching for file changes with StatReloader
D:\Babenko\Beetroot\project\posy\views.py changed, reloading.
Watching for file changes with StatReloader
Internal Server Error: /
Traceback (most recent call last):
  File "D:\Babenko\Beetroot\venv\lib\site-packages\django\core\handlers\exception.py", line 55, in inner
    response = get_response(request)
  File "D:\Babenko\Beetroot\venv\lib\site-packages\django\core\handlers\base.py", line 197, in _get_response
    response = wrapped_callback(request, *callback_args, **callback_kwargs)
  File "D:\Babenko\Beetroot\project\posy\views.py", line 22, in home
    return HttpResponse(template.render(context, request))
  File "D:\Babenko\Beetroot\venv\lib\site-packages\django\template\backends\django.py", line 62, in render
    return self.template.render(context)
  File "D:\Babenko\Beetroot\venv\lib\site-packages\django\template\base.py", line 175, in render
    return self._render(context)
  File "D:\Babenko\Beetroot\venv\lib\site-packages\django\template\base.py", line 167, in _render
    return self.nodelist.render(context)
  File "D:\Babenko\Beetroot\venv\lib\site-packages\django\template\base.py", line 1005, in render
    return SafeString("".join([node.render_annotated(context) for node in self]))
  File "D:\Babenko\Beetroot\venv\lib\site-packages\django\template\base.py", line 1005, in <listcomp>
    return SafeString("".join([node.render_annotated(context) for node in self]))
  File "D:\Babenko\Beetroot\venv\lib\site-packages\django\template\base.py", line 966, in render_annotated
    return self.render(context)
  File "D:\Babenko\Beetroot\venv\lib\site-packages\django\template\loader_tags.py", line 157, in render
    return compiled_parent._render(context)
  File "D:\Babenko\Beetroot\venv\lib\site-packages\django\template\base.py", line 167, in _render
    return self.nodelist.render(context)
  File "D:\Babenko\Beetroot\venv\lib\site-packages\django\template\base.py", line 1005, in render
    return SafeString("".join([node.render_annotated(context) for node in self]))
  File "D:\Babenko\Beetroot\venv\lib\site-packages\django\template\base.py", line 1005, in <listcomp>
    return SafeString("".join([node.render_annotated(context) for node in self]))
  File "D:\Babenko\Beetroot\venv\lib\site-packages\django\template\base.py", line 966, in render_annotated
    return self.render(context)
  File "D:\Babenko\Beetroot\venv\lib\site-packages\django\template\loader_tags.py", line 63, in render
    result = block.nodelist.render(context)
  File "D:\Babenko\Beetroot\venv\lib\site-packages\django\template\base.py", line 1005, in render
    return SafeString("".join([node.render_annotated(context) for node in self]))
  File "D:\Babenko\Beetroot\venv\lib\site-packages\django\template\base.py", line 1005, in <listcomp>
    return SafeString("".join([node.render_annotated(context) for node in self]))
  File "D:\Babenko\Beetroot\venv\lib\site-packages\django\template\base.py", line 966, in render_annotated
    return self.render(context)
  File "D:\Babenko\Beetroot\venv\lib\site-packages\django\template\loader_tags.py", line 197, in render
    template = context.template.engine.select_template(template_name)
  File "D:\Babenko\Beetroot\venv\lib\site-packages\django\template\engine.py", line 206, in select_template
    return self.get_template(template_name)
  File "D:\Babenko\Beetroot\venv\lib\site-packages\django\template\engine.py", line 175, in get_template
    template, origin = self.find_template(template_name)
  File "D:\Babenko\Beetroot\venv\lib\site-packages\django\template\engine.py", line 157, in find_template
    template = loader.get_template(name, skip=skip)
  File "D:\Babenko\Beetroot\venv\lib\site-packages\django\template\loaders\cached.py", line 57, in get_template
    template = super().get_template(template_name, skip)
  File "D:\Babenko\Beetroot\venv\lib\site-packages\django\template\loaders\base.py", line 28, in get_template
    return Template(
  File "D:\Babenko\Beetroot\venv\lib\site-packages\django\template\base.py", line 154, in __init__
    self.nodelist = self.compile_nodelist()
  File "D:\Babenko\Beetroot\venv\lib\site-packages\django\template\base.py", line 200, in compile_nodelist
    return parser.parse()
  File "D:\Babenko\Beetroot\venv\lib\site-packages\django\template\base.py", line 513, in parse
    raise self.error(token, e)
  File "D:\Babenko\Beetroot\venv\lib\site-packages\django\template\base.py", line 511, in parse
    compiled_result = compile_func(self, token)
  File "D:\Babenko\Beetroot\venv\lib\site-packages\django\template\defaulttags.py", line 854, in do_for
    nodelist_loop = parser.parse(
  File "D:\Babenko\Beetroot\venv\lib\site-packages\django\template\base.py", line 518, in parse
    self.unclosed_block_tag(parse_until)
  File "D:\Babenko\Beetroot\venv\lib\site-packages\django\template\base.py", line 581, in unclosed_block_tag
    raise self.error(token, msg)
django.template.exceptions.TemplateSyntaxError: Unclosed tag on line 19: 'for'. Looking for one of: empty, endfor.
Watching for file changes with StatReloader
D:\Babenko\Beetroot\project\posy\views.py changed, reloading.
Watching for file changes with StatReloader
D:\Babenko\Beetroot\project\posy\views.py changed, reloading.
Watching for file changes with StatReloader
Watching for file changes with StatReloader
Not Found: /favicon.ico
Watching for file changes with StatReloader
Not Found: /favicon.ico
Not Found: /favicon.ico
Not Found: /favicon.ico
Not Found: /favicon.ico
Not Found: /favicon.ico
Not Found: /favicon.ico
D:\Babenko\Beetroot\project\posy\models.py changed, reloading.
Watching for file changes with StatReloader
Not Found: /favicon.ico
D:\Babenko\Beetroot\project\posy\views.py changed, reloading.
Watching for file changes with StatReloader
Not Found: /favicon.ico
D:\Babenko\Beetroot\project\posy\views.py changed, reloading.
Watching for file changes with StatReloader
Not Found: /favicon.ico
D:\Babenko\Beetroot\project\posy\views.py changed, reloading.
Watching for file changes with StatReloader
Not Found: /favicon.ico
D:\Babenko\Beetroot\project\posy\views.py changed, reloading.
Watching for file changes with StatReloader
Not Found: /favicon.ico
D:\Babenko\Beetroot\project\posy\views.py changed, reloading.
Watching for file changes with StatReloader
D:\Babenko\Beetroot\project\posy\views.py changed, reloading.
Watching for file changes with StatReloader
Not Found: /favicon.ico
D:\Babenko\Beetroot\project\posy\views.py changed, reloading.
Watching for file changes with StatReloader
Watching for file changes with StatReloader
Internal Server Error: /cart/cart/
Traceback (most recent call last):
  File "D:\Babenko\Beetroot\venv\lib\site-packages\django\core\handlers\exception.py", line 55, in inner
    response = get_response(request)
  File "D:\Babenko\Beetroot\venv\lib\site-packages\django\core\handlers\base.py", line 220, in _get_response
    response = response.render()
  File "D:\Babenko\Beetroot\venv\lib\site-packages\django\template\response.py", line 114, in render
    self.content = self.rendered_content
  File "D:\Babenko\Beetroot\venv\lib\site-packages\django\template\response.py", line 90, in rendered_content
    template = self.resolve_template(self.template_name)
  File "D:\Babenko\Beetroot\venv\lib\site-packages\django\template\response.py", line 72, in resolve_template
    return select_template(template, using=self.using)
  File "D:\Babenko\Beetroot\venv\lib\site-packages\django\template\loader.py", line 47, in select_template
    raise TemplateDoesNotExist(", ".join(template_name_list), chain=chain)
django.template.exceptions.TemplateDoesNotExist: cart/list_carts.html, cart/cart_list.html
Internal Server Error: /cart/cart/
Traceback (most recent call last):
  File "D:\Babenko\Beetroot\venv\lib\site-packages\django\core\handlers\exception.py", line 55, in inner
    response = get_response(request)
  File "D:\Babenko\Beetroot\venv\lib\site-packages\django\core\handlers\base.py", line 220, in _get_response
    response = response.render()
  File "D:\Babenko\Beetroot\venv\lib\site-packages\django\template\response.py", line 114, in render
    self.content = self.rendered_content
  File "D:\Babenko\Beetroot\venv\lib\site-packages\django\template\response.py", line 90, in rendered_content
    template = self.resolve_template(self.template_name)
  File "D:\Babenko\Beetroot\venv\lib\site-packages\django\template\response.py", line 72, in resolve_template
    return select_template(template, using=self.using)
  File "D:\Babenko\Beetroot\venv\lib\site-packages\django\template\loader.py", line 47, in select_template
    raise TemplateDoesNotExist(", ".join(template_name_list), chain=chain)
django.template.exceptions.TemplateDoesNotExist: cart/list_carts.html, cart/cart_list.html
Internal Server Error: /cart/cart/
Traceback (most recent call last):
  File "D:\Babenko\Beetroot\venv\lib\site-packages\django\core\handlers\exception.py", line 55, in inner
    response = get_response(request)
  File "D:\Babenko\Beetroot\venv\lib\site-packages\django\core\handlers\base.py", line 220, in _get_response
    response = response.render()
  File "D:\Babenko\Beetroot\venv\lib\site-packages\django\template\response.py", line 114, in render
    self.content = self.rendered_content
  File "D:\Babenko\Beetroot\venv\lib\site-packages\django\template\response.py", line 90, in rendered_content
    template = self.resolve_template(self.template_name)
  File "D:\Babenko\Beetroot\venv\lib\site-packages\django\template\response.py", line 72, in resolve_template
    return select_template(template, using=self.using)
  File "D:\Babenko\Beetroot\venv\lib\site-packages\django\template\loader.py", line 47, in select_template
    raise TemplateDoesNotExist(", ".join(template_name_list), chain=chain)
django.template.exceptions.TemplateDoesNotExist: cart/list_carts.html, cart/cart_list.html
D:\Babenko\Beetroot\project\cart\views.py changed, reloading.
Watching for file changes with StatReloader
D:\Babenko\Beetroot\project\cart\urls.py changed, reloading.
Watching for file changes with StatReloader
Not Found: /cart/cart/
Watching for file changes with StatReloader
Internal Server Error: /cart/
Traceback (most recent call last):
  File "D:\Babenko\Beetroot\venv\lib\site-packages\django\template\base.py", line 505, in parse
    compile_func = self.tags[command]
KeyError: 'endfor'

During handling of the above exception, another exception occurred:

Traceback (most recent call last):
  File "D:\Babenko\Beetroot\venv\lib\site-packages\django\core\handlers\exception.py", line 55, in inner
    response = get_response(request)
  File "D:\Babenko\Beetroot\venv\lib\site-packages\django\core\handlers\base.py", line 220, in _get_response
    response = response.render()
  File "D:\Babenko\Beetroot\venv\lib\site-packages\django\template\response.py", line 114, in render
    self.content = self.rendered_content
  File "D:\Babenko\Beetroot\venv\lib\site-packages\django\template\response.py", line 90, in rendered_content
    template = self.resolve_template(self.template_name)
  File "D:\Babenko\Beetroot\venv\lib\site-packages\django\template\response.py", line 72, in resolve_template
    return select_template(template, using=self.using)
  File "D:\Babenko\Beetroot\venv\lib\site-packages\django\template\loader.py", line 42, in select_template
    return engine.get_template(template_name)
  File "D:\Babenko\Beetroot\venv\lib\site-packages\django\template\backends\django.py", line 34, in get_template
    return Template(self.engine.get_template(template_name), self)
  File "D:\Babenko\Beetroot\venv\lib\site-packages\django\template\engine.py", line 175, in get_template
    template, origin = self.find_template(template_name)
  File "D:\Babenko\Beetroot\venv\lib\site-packages\django\template\engine.py", line 157, in find_template
    template = loader.get_template(name, skip=skip)
  File "D:\Babenko\Beetroot\venv\lib\site-packages\django\template\loaders\cached.py", line 57, in get_template
    template = super().get_template(template_name, skip)
  File "D:\Babenko\Beetroot\venv\lib\site-packages\django\template\loaders\base.py", line 28, in get_template
    return Template(
  File "D:\Babenko\Beetroot\venv\lib\site-packages\django\template\base.py", line 154, in __init__
    self.nodelist = self.compile_nodelist()
  File "D:\Babenko\Beetroot\venv\lib\site-packages\django\template\base.py", line 200, in compile_nodelist
    return parser.parse()
  File "D:\Babenko\Beetroot\venv\lib\site-packages\django\template\base.py", line 513, in parse
    raise self.error(token, e)
  File "D:\Babenko\Beetroot\venv\lib\site-packages\django\template\base.py", line 511, in parse
    compiled_result = compile_func(self, token)
  File "D:\Babenko\Beetroot\venv\lib\site-packages\django\template\loader_tags.py", line 293, in do_extends
    nodelist = parser.parse()
  File "D:\Babenko\Beetroot\venv\lib\site-packages\django\template\base.py", line 513, in parse
    raise self.error(token, e)
  File "D:\Babenko\Beetroot\venv\lib\site-packages\django\template\base.py", line 511, in parse
    compiled_result = compile_func(self, token)
  File "D:\Babenko\Beetroot\venv\lib\site-packages\django\template\loader_tags.py", line 232, in do_block
    nodelist = parser.parse(("endblock",))
  File "D:\Babenko\Beetroot\venv\lib\site-packages\django\template\base.py", line 507, in parse
    self.invalid_block_tag(token, command, parse_until)
  File "D:\Babenko\Beetroot\venv\lib\site-packages\django\template\base.py", line 558, in invalid_block_tag
    raise self.error(
django.template.exceptions.TemplateSyntaxError: Invalid block tag on line 3: 'endfor', expected 'endblock'. Did you forget to register or load this tag?
Not Found: /favicon.ico
Internal Server Error: /cart/
Traceback (most recent call last):
  File "D:\Babenko\Beetroot\venv\lib\site-packages\django\template\base.py", line 505, in parse
    compile_func = self.tags[command]
KeyError: 'endfor'

During handling of the above exception, another exception occurred:

Traceback (most recent call last):
  File "D:\Babenko\Beetroot\venv\lib\site-packages\django\core\handlers\exception.py", line 55, in inner
    response = get_response(request)
  File "D:\Babenko\Beetroot\venv\lib\site-packages\django\core\handlers\base.py", line 220, in _get_response
    response = response.render()
  File "D:\Babenko\Beetroot\venv\lib\site-packages\django\template\response.py", line 114, in render
    self.content = self.rendered_content
  File "D:\Babenko\Beetroot\venv\lib\site-packages\django\template\response.py", line 90, in rendered_content
    template = self.resolve_template(self.template_name)
  File "D:\Babenko\Beetroot\venv\lib\site-packages\django\template\response.py", line 72, in resolve_template
    return select_template(template, using=self.using)
  File "D:\Babenko\Beetroot\venv\lib\site-packages\django\template\loader.py", line 42, in select_template
    return engine.get_template(template_name)
  File "D:\Babenko\Beetroot\venv\lib\site-packages\django\template\backends\django.py", line 34, in get_template
    return Template(self.engine.get_template(template_name), self)
  File "D:\Babenko\Beetroot\venv\lib\site-packages\django\template\engine.py", line 175, in get_template
    template, origin = self.find_template(template_name)
  File "D:\Babenko\Beetroot\venv\lib\site-packages\django\template\engine.py", line 157, in find_template
    template = loader.get_template(name, skip=skip)
  File "D:\Babenko\Beetroot\venv\lib\site-packages\django\template\loaders\cached.py", line 57, in get_template
    template = super().get_template(template_name, skip)
  File "D:\Babenko\Beetroot\venv\lib\site-packages\django\template\loaders\base.py", line 28, in get_template
    return Template(
  File "D:\Babenko\Beetroot\venv\lib\site-packages\django\template\base.py", line 154, in __init__
    self.nodelist = self.compile_nodelist()
  File "D:\Babenko\Beetroot\venv\lib\site-packages\django\template\base.py", line 200, in compile_nodelist
    return parser.parse()
  File "D:\Babenko\Beetroot\venv\lib\site-packages\django\template\base.py", line 513, in parse
    raise self.error(token, e)
  File "D:\Babenko\Beetroot\venv\lib\site-packages\django\template\base.py", line 511, in parse
    compiled_result = compile_func(self, token)
  File "D:\Babenko\Beetroot\venv\lib\site-packages\django\template\loader_tags.py", line 293, in do_extends
    nodelist = parser.parse()
  File "D:\Babenko\Beetroot\venv\lib\site-packages\django\template\base.py", line 513, in parse
    raise self.error(token, e)
  File "D:\Babenko\Beetroot\venv\lib\site-packages\django\template\base.py", line 511, in parse
    compiled_result = compile_func(self, token)
  File "D:\Babenko\Beetroot\venv\lib\site-packages\django\template\loader_tags.py", line 232, in do_block
    nodelist = parser.parse(("endblock",))
  File "D:\Babenko\Beetroot\venv\lib\site-packages\django\template\base.py", line 507, in parse
    self.invalid_block_tag(token, command, parse_until)
  File "D:\Babenko\Beetroot\venv\lib\site-packages\django\template\base.py", line 558, in invalid_block_tag
    raise self.error(
django.template.exceptions.TemplateSyntaxError: Invalid block tag on line 4: 'endfor', expected 'endblock'. Did you forget to register or load this tag?
Not Found: /favicon.ico
Not Found: /favicon.ico
Not Found: /favicon.ico
Not Found: /favicon.ico
Not Found: /favicon.ico
Not Found: /shop/create-cartitem
Not Found: /shop/create-cartitem
Internal Server Error: /cart/cartitem/create/
Traceback (most recent call last):
  File "D:\Babenko\Beetroot\venv\lib\site-packages\django\core\handlers\exception.py", line 55, in inner
    response = get_response(request)
  File "D:\Babenko\Beetroot\venv\lib\site-packages\django\core\handlers\base.py", line 197, in _get_response
    response = wrapped_callback(request, *callback_args, **callback_kwargs)
  File "D:\Babenko\Beetroot\venv\lib\site-packages\django\views\generic\base.py", line 103, in view
    return self.dispatch(request, *args, **kwargs)
  File "D:\Babenko\Beetroot\venv\lib\site-packages\django\views\generic\base.py", line 142, in dispatch
    return handler(request, *args, **kwargs)
  File "D:\Babenko\Beetroot\venv\lib\site-packages\django\views\generic\edit.py", line 180, in get
    return super().get(request, *args, **kwargs)
  File "D:\Babenko\Beetroot\venv\lib\site-packages\django\views\generic\edit.py", line 144, in get
    return self.render_to_response(self.get_context_data())
  File "D:\Babenko\Beetroot\venv\lib\site-packages\django\views\generic\edit.py", line 74, in get_context_data
    kwargs["form"] = self.get_form()
  File "D:\Babenko\Beetroot\venv\lib\site-packages\django\views\generic\edit.py", line 38, in get_form
    form_class = self.get_form_class()
  File "D:\Babenko\Beetroot\venv\lib\site-packages\django\views\generic\edit.py", line 105, in get_form_class
    raise ImproperlyConfigured(
django.core.exceptions.ImproperlyConfigured: Using ModelFormMixin (base class of CreateCartItem) without the 'fields' attribute is prohibited.
Watching for file changes with StatReloader
Internal Server Error: /cart/cartitem/create/
Traceback (most recent call last):
  File "D:\Babenko\Beetroot\venv\lib\site-packages\django\core\handlers\exception.py", line 55, in inner
    response = get_response(request)
  File "D:\Babenko\Beetroot\venv\lib\site-packages\django\core\handlers\base.py", line 197, in _get_response
    response = wrapped_callback(request, *callback_args, **callback_kwargs)
  File "D:\Babenko\Beetroot\venv\lib\site-packages\django\views\generic\base.py", line 103, in view
    return self.dispatch(request, *args, **kwargs)
  File "D:\Babenko\Beetroot\venv\lib\site-packages\django\views\generic\base.py", line 142, in dispatch
    return handler(request, *args, **kwargs)
  File "D:\Babenko\Beetroot\venv\lib\site-packages\django\views\generic\edit.py", line 180, in get
    return super().get(request, *args, **kwargs)
  File "D:\Babenko\Beetroot\venv\lib\site-packages\django\views\generic\edit.py", line 144, in get
    return self.render_to_response(self.get_context_data())
  File "D:\Babenko\Beetroot\venv\lib\site-packages\django\views\generic\edit.py", line 74, in get_context_data
    kwargs["form"] = self.get_form()
  File "D:\Babenko\Beetroot\venv\lib\site-packages\django\views\generic\edit.py", line 38, in get_form
    form_class = self.get_form_class()
  File "D:\Babenko\Beetroot\venv\lib\site-packages\django\views\generic\edit.py", line 105, in get_form_class
    raise ImproperlyConfigured(
django.core.exceptions.ImproperlyConfigured: Using ModelFormMixin (base class of CreateCartItem) without the 'fields' attribute is prohibited.
Watching for file changes with StatReloader
Internal Server Error: /cart/cartitem/create/
Traceback (most recent call last):
  File "D:\Babenko\Beetroot\venv\lib\site-packages\django\core\handlers\exception.py", line 55, in inner
    response = get_response(request)
  File "D:\Babenko\Beetroot\venv\lib\site-packages\django\core\handlers\base.py", line 197, in _get_response
    response = wrapped_callback(request, *callback_args, **callback_kwargs)
  File "D:\Babenko\Beetroot\venv\lib\site-packages\django\views\generic\base.py", line 103, in view
    return self.dispatch(request, *args, **kwargs)
  File "D:\Babenko\Beetroot\venv\lib\site-packages\django\views\generic\base.py", line 142, in dispatch
    return handler(request, *args, **kwargs)
  File "D:\Babenko\Beetroot\venv\lib\site-packages\django\views\generic\edit.py", line 180, in get
    return super().get(request, *args, **kwargs)
  File "D:\Babenko\Beetroot\venv\lib\site-packages\django\views\generic\edit.py", line 144, in get
    return self.render_to_response(self.get_context_data())
  File "D:\Babenko\Beetroot\venv\lib\site-packages\django\views\generic\edit.py", line 74, in get_context_data
    kwargs["form"] = self.get_form()
  File "D:\Babenko\Beetroot\venv\lib\site-packages\django\views\generic\edit.py", line 38, in get_form
    form_class = self.get_form_class()
  File "D:\Babenko\Beetroot\venv\lib\site-packages\django\views\generic\edit.py", line 105, in get_form_class
    raise ImproperlyConfigured(
django.core.exceptions.ImproperlyConfigured: Using ModelFormMixin (base class of CreateCartItem) without the 'fields' attribute is prohibited.
D:\Babenko\Beetroot\project\cart\views.py changed, reloading.
Watching for file changes with StatReloader
D:\Babenko\Beetroot\project\cart\views.py changed, reloading.
Watching for file changes with StatReloader
D:\Babenko\Beetroot\project\cart\views.py changed, reloading.
Watching for file changes with StatReloader
Internal Server Error: /cart/cartitem/create/
Traceback (most recent call last):
  File "D:\Babenko\Beetroot\venv\lib\site-packages\django\core\handlers\exception.py", line 55, in inner
    response = get_response(request)
  File "D:\Babenko\Beetroot\venv\lib\site-packages\django\core\handlers\base.py", line 220, in _get_response
    response = response.render()
  File "D:\Babenko\Beetroot\venv\lib\site-packages\django\template\response.py", line 114, in render
    self.content = self.rendered_content
  File "D:\Babenko\Beetroot\venv\lib\site-packages\django\template\response.py", line 90, in rendered_content
    template = self.resolve_template(self.template_name)
  File "D:\Babenko\Beetroot\venv\lib\site-packages\django\template\response.py", line 72, in resolve_template
    return select_template(template, using=self.using)
  File "D:\Babenko\Beetroot\venv\lib\site-packages\django\template\loader.py", line 47, in select_template
    raise TemplateDoesNotExist(", ".join(template_name_list), chain=chain)
django.template.exceptions.TemplateDoesNotExist: cartitem/create_cartitem.html
D:\Babenko\Beetroot\project\posy\views.py changed, reloading.
Watching for file changes with StatReloader
D:\Babenko\Beetroot\project\cart\models.py changed, reloading.
Watching for file changes with StatReloader
D:\Babenko\Beetroot\project\posy\urls.py changed, reloading.
Watching for file changes with StatReloader
Not Found: /favicon.ico
D:\Babenko\Beetroot\project\posy\views.py changed, reloading.
Watching for file changes with StatReloader
Internal Server Error: /
Traceback (most recent call last):
  File "D:\Babenko\Beetroot\venv\lib\site-packages\django\core\handlers\exception.py", line 55, in inner
    response = get_response(request)
  File "D:\Babenko\Beetroot\venv\lib\site-packages\django\core\handlers\base.py", line 197, in _get_response
    response = wrapped_callback(request, *callback_args, **callback_kwargs)
  File "D:\Babenko\Beetroot\project\posy\views.py", line 18, in home
    feedbacks = Feedback.objects.get(id=1)
  File "D:\Babenko\Beetroot\venv\lib\site-packages\django\db\models\manager.py", line 85, in manager_method
    return getattr(self.get_queryset(), name)(*args, **kwargs)
  File "D:\Babenko\Beetroot\venv\lib\site-packages\django\db\models\query.py", line 650, in get
    raise self.model.DoesNotExist(
posy.models.Feedback.DoesNotExist: Feedback matching query does not exist.
Not Found: /favicon.ico
D:\Babenko\Beetroot\project\posy\urls.py changed, reloading.
Watching for file changes with StatReloader
D:\Babenko\Beetroot\project\posy\views.py changed, reloading.
Watching for file changes with StatReloader
Internal Server Error: /
Traceback (most recent call last):
  File "D:\Babenko\Beetroot\venv\lib\site-packages\django\core\handlers\exception.py", line 55, in inner
    response = get_response(request)
  File "D:\Babenko\Beetroot\venv\lib\site-packages\django\core\handlers\base.py", line 197, in _get_response
    response = wrapped_callback(request, *callback_args, **callback_kwargs)
  File "D:\Babenko\Beetroot\project\posy\views.py", line 18, in home
    feedbacks = Feedback.objects.get(id=1)
  File "D:\Babenko\Beetroot\venv\lib\site-packages\django\db\models\manager.py", line 85, in manager_method
    return getattr(self.get_queryset(), name)(*args, **kwargs)
  File "D:\Babenko\Beetroot\venv\lib\site-packages\django\db\models\query.py", line 650, in get
    raise self.model.DoesNotExist(
posy.models.Feedback.DoesNotExist: Feedback matching query does not exist.
Watching for file changes with StatReloader
Internal Server Error: /
Traceback (most recent call last):
  File "D:\Babenko\Beetroot\venv\lib\site-packages\django\core\handlers\exception.py", line 55, in inner
    response = get_response(request)
  File "D:\Babenko\Beetroot\venv\lib\site-packages\django\core\handlers\base.py", line 197, in _get_response
    response = wrapped_callback(request, *callback_args, **callback_kwargs)
  File "D:\Babenko\Beetroot\project\posy\views.py", line 18, in home
    feedbacks = Feedback.objects.get(id=1)
  File "D:\Babenko\Beetroot\venv\lib\site-packages\django\db\models\manager.py", line 85, in manager_method
    return getattr(self.get_queryset(), name)(*args, **kwargs)
  File "D:\Babenko\Beetroot\venv\lib\site-packages\django\db\models\query.py", line 650, in get
    raise self.model.DoesNotExist(
posy.models.Feedback.DoesNotExist: Feedback matching query does not exist.
Watching for file changes with StatReloader
Not Found: /favicon.ico
D:\Babenko\Beetroot\project\posy\models.py changed, reloading.
Watching for file changes with StatReloader
Watching for file changes with StatReloader
Internal Server Error: /admin/posy/feedback/
Traceback (most recent call last):
  File "D:\Babenko\Beetroot\venv\lib\site-packages\django\db\backends\utils.py", line 89, in _execute
    return self.cursor.execute(sql, params)
  File "D:\Babenko\Beetroot\venv\lib\site-packages\django\db\backends\sqlite3\base.py", line 357, in execute
    return Database.Cursor.execute(self, query, params)
sqlite3.OperationalError: no such column: posy_feedback.daytime

The above exception was the direct cause of the following exception:

Traceback (most recent call last):
  File "D:\Babenko\Beetroot\venv\lib\site-packages\django\core\handlers\exception.py", line 55, in inner
    response = get_response(request)
  File "D:\Babenko\Beetroot\venv\lib\site-packages\django\core\handlers\base.py", line 197, in _get_response
    response = wrapped_callback(request, *callback_args, **callback_kwargs)
  File "D:\Babenko\Beetroot\venv\lib\site-packages\django\contrib\admin\options.py", line 686, in wrapper
    return self.admin_site.admin_view(view)(*args, **kwargs)
  File "D:\Babenko\Beetroot\venv\lib\site-packages\django\utils\decorators.py", line 133, in _wrapped_view
    response = view_func(request, *args, **kwargs)
  File "D:\Babenko\Beetroot\venv\lib\site-packages\django\views\decorators\cache.py", line 62, in _wrapped_view_func
    response = view_func(request, *args, **kwargs)
  File "D:\Babenko\Beetroot\venv\lib\site-packages\django\contrib\admin\sites.py", line 242, in inner
    return view(request, *args, **kwargs)
  File "D:\Babenko\Beetroot\venv\lib\site-packages\django\utils\decorators.py", line 46, in _wrapper
    return bound_method(*args, **kwargs)
  File "D:\Babenko\Beetroot\venv\lib\site-packages\django\utils\decorators.py", line 133, in _wrapped_view
    response = view_func(request, *args, **kwargs)
  File "D:\Babenko\Beetroot\venv\lib\site-packages\django\contrib\admin\options.py", line 2068, in changelist_view
    "selection_note": _("0 of %(cnt)s selected") % {"cnt": len(cl.result_list)},
  File "D:\Babenko\Beetroot\venv\lib\site-packages\django\db\models\query.py", line 376, in __len__
    self._fetch_all()
  File "D:\Babenko\Beetroot\venv\lib\site-packages\django\db\models\query.py", line 1867, in _fetch_all
    self._result_cache = list(self._iterable_class(self))
  File "D:\Babenko\Beetroot\venv\lib\site-packages\django\db\models\query.py", line 87, in __iter__
    results = compiler.execute_sql(
  File "D:\Babenko\Beetroot\venv\lib\site-packages\django\db\models\sql\compiler.py", line 1398, in execute_sql
    cursor.execute(sql, params)
  File "D:\Babenko\Beetroot\venv\lib\site-packages\django\db\backends\utils.py", line 103, in execute
    return super().execute(sql, params)
  File "D:\Babenko\Beetroot\venv\lib\site-packages\django\db\backends\utils.py", line 67, in execute
    return self._execute_with_wrappers(
  File "D:\Babenko\Beetroot\venv\lib\site-packages\django\db\backends\utils.py", line 80, in _execute_with_wrappers
    return executor(sql, params, many, context)
  File "D:\Babenko\Beetroot\venv\lib\site-packages\django\db\backends\utils.py", line 84, in _execute
    with self.db.wrap_database_errors:
  File "D:\Babenko\Beetroot\venv\lib\site-packages\django\db\utils.py", line 91, in __exit__
    raise dj_exc_value.with_traceback(traceback) from exc_value
  File "D:\Babenko\Beetroot\venv\lib\site-packages\django\db\backends\utils.py", line 89, in _execute
    return self.cursor.execute(sql, params)
  File "D:\Babenko\Beetroot\venv\lib\site-packages\django\db\backends\sqlite3\base.py", line 357, in execute
    return Database.Cursor.execute(self, query, params)
django.db.utils.OperationalError: no such column: posy_feedback.daytime
D:\Babenko\Beetroot\project\posy\models.py changed, reloading.
Watching for file changes with StatReloader
Watching for file changes with StatReloader
Watching for file changes with StatReloader
Internal Server Error: /leave_feedback/
Traceback (most recent call last):
  File "D:\Babenko\Beetroot\venv\lib\site-packages\django\core\handlers\exception.py", line 55, in inner
    response = get_response(request)
  File "D:\Babenko\Beetroot\venv\lib\site-packages\django\core\handlers\base.py", line 197, in _get_response
    response = wrapped_callback(request, *callback_args, **callback_kwargs)
  File "D:\Babenko\Beetroot\project\posy\views.py", line 111, in leave_feedback
    new_feedback.save()
  File "D:\Babenko\Beetroot\venv\lib\site-packages\django\db\models\base.py", line 812, in save
    self.save_base(
  File "D:\Babenko\Beetroot\venv\lib\site-packages\django\db\models\base.py", line 863, in save_base
    updated = self._save_table(
  File "D:\Babenko\Beetroot\venv\lib\site-packages\django\db\models\base.py", line 1006, in _save_table
    results = self._do_insert(
  File "D:\Babenko\Beetroot\venv\lib\site-packages\django\db\models\base.py", line 1047, in _do_insert
    return manager._insert(
  File "D:\Babenko\Beetroot\venv\lib\site-packages\django\db\models\manager.py", line 85, in manager_method
    return getattr(self.get_queryset(), name)(*args, **kwargs)
  File "D:\Babenko\Beetroot\venv\lib\site-packages\django\db\models\query.py", line 1791, in _insert
    return query.get_compiler(using=using).execute_sql(returning_fields)
  File "D:\Babenko\Beetroot\venv\lib\site-packages\django\db\models\sql\compiler.py", line 1659, in execute_sql
    for sql, params in self.as_sql():
  File "D:\Babenko\Beetroot\venv\lib\site-packages\django\db\models\sql\compiler.py", line 1583, in as_sql
    value_rows = [
  File "D:\Babenko\Beetroot\venv\lib\site-packages\django\db\models\sql\compiler.py", line 1584, in <listcomp>
    [
  File "D:\Babenko\Beetroot\venv\lib\site-packages\django\db\models\sql\compiler.py", line 1585, in <listcomp>
    self.prepare_value(field, self.pre_save_val(field, obj))
  File "D:\Babenko\Beetroot\venv\lib\site-packages\django\db\models\sql\compiler.py", line 1523, in prepare_value
    value = field.get_db_prep_save(value, connection=self.connection)
  File "D:\Babenko\Beetroot\venv\lib\site-packages\django\db\models\fields\__init__.py", line 925, in get_db_prep_save
    return self.get_db_prep_value(value, connection=connection, prepared=False)
  File "D:\Babenko\Beetroot\venv\lib\site-packages\django\db\models\fields\__init__.py", line 1576, in get_db_prep_value
    value = self.get_prep_value(value)
  File "D:\Babenko\Beetroot\venv\lib\site-packages\django\db\models\fields\__init__.py", line 1554, in get_prep_value
    value = super().get_prep_value(value)
  File "D:\Babenko\Beetroot\venv\lib\site-packages\django\db\models\fields\__init__.py", line 1433, in get_prep_value
    return self.to_python(value)
  File "D:\Babenko\Beetroot\venv\lib\site-packages\django\db\models\fields\__init__.py", line 1536, in to_python
    raise exceptions.ValidationError(
django.core.exceptions.ValidationError: ['“12/10/2022, 11:41:09” value has an invalid format. It must be in YYYY-MM-DD HH:MM[:ss[.uuuuuu]][TZ] format.']
D:\Babenko\Beetroot\project\posy\views.py changed, reloading.
Watching for file changes with StatReloader
Internal Server Error: /leave_feedback/
Traceback (most recent call last):
  File "D:\Babenko\Beetroot\venv\lib\site-packages\django\core\handlers\exception.py", line 55, in inner
    response = get_response(request)
  File "D:\Babenko\Beetroot\venv\lib\site-packages\django\core\handlers\base.py", line 197, in _get_response
    response = wrapped_callback(request, *callback_args, **callback_kwargs)
  File "D:\Babenko\Beetroot\project\posy\views.py", line 111, in leave_feedback
    new_feedback.save()
  File "D:\Babenko\Beetroot\venv\lib\site-packages\django\db\models\base.py", line 812, in save
    self.save_base(
  File "D:\Babenko\Beetroot\venv\lib\site-packages\django\db\models\base.py", line 863, in save_base
    updated = self._save_table(
  File "D:\Babenko\Beetroot\venv\lib\site-packages\django\db\models\base.py", line 1006, in _save_table
    results = self._do_insert(
  File "D:\Babenko\Beetroot\venv\lib\site-packages\django\db\models\base.py", line 1047, in _do_insert
    return manager._insert(
  File "D:\Babenko\Beetroot\venv\lib\site-packages\django\db\models\manager.py", line 85, in manager_method
    return getattr(self.get_queryset(), name)(*args, **kwargs)
  File "D:\Babenko\Beetroot\venv\lib\site-packages\django\db\models\query.py", line 1791, in _insert
    return query.get_compiler(using=using).execute_sql(returning_fields)
  File "D:\Babenko\Beetroot\venv\lib\site-packages\django\db\models\sql\compiler.py", line 1659, in execute_sql
    for sql, params in self.as_sql():
  File "D:\Babenko\Beetroot\venv\lib\site-packages\django\db\models\sql\compiler.py", line 1583, in as_sql
    value_rows = [
  File "D:\Babenko\Beetroot\venv\lib\site-packages\django\db\models\sql\compiler.py", line 1584, in <listcomp>
    [
  File "D:\Babenko\Beetroot\venv\lib\site-packages\django\db\models\sql\compiler.py", line 1585, in <listcomp>
    self.prepare_value(field, self.pre_save_val(field, obj))
  File "D:\Babenko\Beetroot\venv\lib\site-packages\django\db\models\sql\compiler.py", line 1523, in prepare_value
    value = field.get_db_prep_save(value, connection=self.connection)
  File "D:\Babenko\Beetroot\venv\lib\site-packages\django\db\models\fields\__init__.py", line 925, in get_db_prep_save
    return self.get_db_prep_value(value, connection=connection, prepared=False)
  File "D:\Babenko\Beetroot\venv\lib\site-packages\django\db\models\fields\__init__.py", line 1576, in get_db_prep_value
    value = self.get_prep_value(value)
  File "D:\Babenko\Beetroot\venv\lib\site-packages\django\db\models\fields\__init__.py", line 1554, in get_prep_value
    value = super().get_prep_value(value)
  File "D:\Babenko\Beetroot\venv\lib\site-packages\django\db\models\fields\__init__.py", line 1433, in get_prep_value
    return self.to_python(value)
  File "D:\Babenko\Beetroot\venv\lib\site-packages\django\db\models\fields\__init__.py", line 1536, in to_python
    raise exceptions.ValidationError(
django.core.exceptions.ValidationError: ['“2022-12-10, 11:43” value has an invalid format. It must be in YYYY-MM-DD HH:MM[:ss[.uuuuuu]][TZ] format.']
D:\Babenko\Beetroot\project\posy\models.py changed, reloading.
Watching for file changes with StatReloader
Watching for file changes with StatReloader
D:\Babenko\Beetroot\project\posy\admin.py changed, reloading.
Watching for file changes with StatReloader
D:\Babenko\Beetroot\project\posy\models.py changed, reloading.
Watching for file changes with StatReloader
D:\Babenko\Beetroot\project\posy\views.py changed, reloading.
Watching for file changes with StatReloader
Watching for file changes with StatReloader
Not Found: /images/left-quote.png
Not Found: /images/client-img.png
Not Found: /images/right-quote.png
Not Found: /images/client-img.png
Not Found: /images/left-quote.png
Not Found: /images/right-quote.png
Not Found: /images/client-img.png
Not Found: /images/left-quote.png
Not Found: /images/right-quote.png
Watching for file changes with StatReloader
Internal Server Error: /
Traceback (most recent call last):
  File "D:\Babenko\Beetroot\venv\lib\site-packages\django\core\handlers\exception.py", line 55, in inner
    response = get_response(request)
  File "D:\Babenko\Beetroot\venv\lib\site-packages\django\core\handlers\base.py", line 197, in _get_response
    response = wrapped_callback(request, *callback_args, **callback_kwargs)
  File "D:\Babenko\Beetroot\project\posy\views.py", line 24, in home
    return HttpResponse(template.render(context, request))
  File "D:\Babenko\Beetroot\venv\lib\site-packages\django\template\backends\django.py", line 62, in render
    return self.template.render(context)
  File "D:\Babenko\Beetroot\venv\lib\site-packages\django\template\base.py", line 175, in render
    return self._render(context)
  File "D:\Babenko\Beetroot\venv\lib\site-packages\django\template\base.py", line 167, in _render
    return self.nodelist.render(context)
  File "D:\Babenko\Beetroot\venv\lib\site-packages\django\template\base.py", line 1005, in render
    return SafeString("".join([node.render_annotated(context) for node in self]))
  File "D:\Babenko\Beetroot\venv\lib\site-packages\django\template\base.py", line 1005, in <listcomp>
    return SafeString("".join([node.render_annotated(context) for node in self]))
  File "D:\Babenko\Beetroot\venv\lib\site-packages\django\template\base.py", line 966, in render_annotated
    return self.render(context)
  File "D:\Babenko\Beetroot\venv\lib\site-packages\django\template\loader_tags.py", line 157, in render
    return compiled_parent._render(context)
  File "D:\Babenko\Beetroot\venv\lib\site-packages\django\template\base.py", line 167, in _render
    return self.nodelist.render(context)
  File "D:\Babenko\Beetroot\venv\lib\site-packages\django\template\base.py", line 1005, in render
    return SafeString("".join([node.render_annotated(context) for node in self]))
  File "D:\Babenko\Beetroot\venv\lib\site-packages\django\template\base.py", line 1005, in <listcomp>
    return SafeString("".join([node.render_annotated(context) for node in self]))
  File "D:\Babenko\Beetroot\venv\lib\site-packages\django\template\base.py", line 966, in render_annotated
    return self.render(context)
  File "D:\Babenko\Beetroot\venv\lib\site-packages\django\template\loader_tags.py", line 63, in render
    result = block.nodelist.render(context)
  File "D:\Babenko\Beetroot\venv\lib\site-packages\django\template\base.py", line 1005, in render
    return SafeString("".join([node.render_annotated(context) for node in self]))
  File "D:\Babenko\Beetroot\venv\lib\site-packages\django\template\base.py", line 1005, in <listcomp>
    return SafeString("".join([node.render_annotated(context) for node in self]))
  File "D:\Babenko\Beetroot\venv\lib\site-packages\django\template\base.py", line 966, in render_annotated
    return self.render(context)
  File "D:\Babenko\Beetroot\venv\lib\site-packages\django\template\loader_tags.py", line 197, in render
    template = context.template.engine.select_template(template_name)
  File "D:\Babenko\Beetroot\venv\lib\site-packages\django\template\engine.py", line 206, in select_template
    return self.get_template(template_name)
  File "D:\Babenko\Beetroot\venv\lib\site-packages\django\template\engine.py", line 175, in get_template
    template, origin = self.find_template(template_name)
  File "D:\Babenko\Beetroot\venv\lib\site-packages\django\template\engine.py", line 157, in find_template
    template = loader.get_template(name, skip=skip)
  File "D:\Babenko\Beetroot\venv\lib\site-packages\django\template\loaders\cached.py", line 57, in get_template
    template = super().get_template(template_name, skip)
  File "D:\Babenko\Beetroot\venv\lib\site-packages\django\template\loaders\base.py", line 28, in get_template
    return Template(
  File "D:\Babenko\Beetroot\venv\lib\site-packages\django\template\base.py", line 154, in __init__
    self.nodelist = self.compile_nodelist()
  File "D:\Babenko\Beetroot\venv\lib\site-packages\django\template\base.py", line 200, in compile_nodelist
    return parser.parse()
  File "D:\Babenko\Beetroot\venv\lib\site-packages\django\template\base.py", line 513, in parse
    raise self.error(token, e)
  File "D:\Babenko\Beetroot\venv\lib\site-packages\django\template\base.py", line 511, in parse
    compiled_result = compile_func(self, token)
  File "D:\Babenko\Beetroot\venv\lib\site-packages\django\template\defaulttags.py", line 840, in do_for
    raise TemplateSyntaxError(
django.template.exceptions.TemplateSyntaxError: 'for' statements should use the format 'for x in y': for feed in feedbacks|slice: ":3"
Not Found: /favicon.ico
Watching for file changes with StatReloader
Not Found: /favicon.ico
Not Found: /favicon.ico
Not Found: /favicon.ico
Internal Server Error: /cart/cartitem/create/
Traceback (most recent call last):
  File "D:\Babenko\Beetroot\venv\lib\site-packages\django\core\handlers\exception.py", line 55, in inner
    response = get_response(request)
  File "D:\Babenko\Beetroot\venv\lib\site-packages\django\core\handlers\base.py", line 220, in _get_response
    response = response.render()
  File "D:\Babenko\Beetroot\venv\lib\site-packages\django\template\response.py", line 114, in render
    self.content = self.rendered_content
  File "D:\Babenko\Beetroot\venv\lib\site-packages\django\template\response.py", line 90, in rendered_content
    template = self.resolve_template(self.template_name)
  File "D:\Babenko\Beetroot\venv\lib\site-packages\django\template\response.py", line 72, in resolve_template
    return select_template(template, using=self.using)
  File "D:\Babenko\Beetroot\venv\lib\site-packages\django\template\loader.py", line 47, in select_template
    raise TemplateDoesNotExist(", ".join(template_name_list), chain=chain)
django.template.exceptions.TemplateDoesNotExist: cartitem/create_cartitem.html
Internal Server Error: /cart/cartitem/create/
Traceback (most recent call last):
  File "D:\Babenko\Beetroot\venv\lib\site-packages\django\core\handlers\exception.py", line 55, in inner
    response = get_response(request)
  File "D:\Babenko\Beetroot\venv\lib\site-packages\django\core\handlers\base.py", line 220, in _get_response
    response = response.render()
  File "D:\Babenko\Beetroot\venv\lib\site-packages\django\template\response.py", line 114, in render
    self.content = self.rendered_content
  File "D:\Babenko\Beetroot\venv\lib\site-packages\django\template\response.py", line 90, in rendered_content
    template = self.resolve_template(self.template_name)
  File "D:\Babenko\Beetroot\venv\lib\site-packages\django\template\response.py", line 72, in resolve_template
    return select_template(template, using=self.using)
  File "D:\Babenko\Beetroot\venv\lib\site-packages\django\template\loader.py", line 47, in select_template
    raise TemplateDoesNotExist(", ".join(template_name_list), chain=chain)
django.template.exceptions.TemplateDoesNotExist: cartitem/create_cartitem.html
D:\Babenko\Beetroot\project\posy\views.py changed, reloading.
Watching for file changes with StatReloader
D:\Babenko\Beetroot\project\cart\views.py changed, reloading.
Watching for file changes with StatReloader
Internal Server Error: /cart/cartitem/create/
Traceback (most recent call last):
  File "D:\Babenko\Beetroot\venv\lib\site-packages\django\core\handlers\exception.py", line 55, in inner
    response = get_response(request)
  File "D:\Babenko\Beetroot\venv\lib\site-packages\django\core\handlers\base.py", line 220, in _get_response
    response = response.render()
  File "D:\Babenko\Beetroot\venv\lib\site-packages\django\template\response.py", line 114, in render
    self.content = self.rendered_content
  File "D:\Babenko\Beetroot\venv\lib\site-packages\django\template\response.py", line 90, in rendered_content
    template = self.resolve_template(self.template_name)
  File "D:\Babenko\Beetroot\venv\lib\site-packages\django\template\response.py", line 72, in resolve_template
    return select_template(template, using=self.using)
  File "D:\Babenko\Beetroot\venv\lib\site-packages\django\template\loader.py", line 47, in select_template
    raise TemplateDoesNotExist(", ".join(template_name_list), chain=chain)
django.template.exceptions.TemplateDoesNotExist: cartitem/create_cartitem.html
D:\Babenko\Beetroot\project\cart\views.py changed, reloading.
Watching for file changes with StatReloader
D:\Babenko\Beetroot\project\cart\views.py changed, reloading.
Watching for file changes with StatReloader
D:\Babenko\Beetroot\project\cart\views.py changed, reloading.
Watching for file changes with StatReloader
Internal Server Error: /cart/cartitem/create/
Traceback (most recent call last):
  File "D:\Babenko\Beetroot\venv\lib\site-packages\django\core\handlers\exception.py", line 55, in inner
    response = get_response(request)
  File "D:\Babenko\Beetroot\venv\lib\site-packages\django\core\handlers\base.py", line 197, in _get_response
    response = wrapped_callback(request, *callback_args, **callback_kwargs)
  File "D:\Babenko\Beetroot\venv\lib\site-packages\django\views\generic\base.py", line 103, in view
    return self.dispatch(request, *args, **kwargs)
  File "D:\Babenko\Beetroot\venv\lib\site-packages\django\views\generic\base.py", line 142, in dispatch
    return handler(request, *args, **kwargs)
  File "D:\Babenko\Beetroot\venv\lib\site-packages\django\views\generic\edit.py", line 180, in get
    return super().get(request, *args, **kwargs)
  File "D:\Babenko\Beetroot\venv\lib\site-packages\django\views\generic\edit.py", line 144, in get
    return self.render_to_response(self.get_context_data())
  File "D:\Babenko\Beetroot\venv\lib\site-packages\django\views\generic\edit.py", line 74, in get_context_data
    kwargs["form"] = self.get_form()
  File "D:\Babenko\Beetroot\venv\lib\site-packages\django\views\generic\edit.py", line 38, in get_form
    form_class = self.get_form_class()
  File "D:\Babenko\Beetroot\venv\lib\site-packages\django\views\generic\edit.py", line 105, in get_form_class
    raise ImproperlyConfigured(
django.core.exceptions.ImproperlyConfigured: Using ModelFormMixin (base class of CreateCartItem) without the 'fields' attribute is prohibited.
D:\Babenko\Beetroot\project\cart\views.py changed, reloading.
Watching for file changes with StatReloader
D:\Babenko\Beetroot\project\cart\urls.py changed, reloading.
Watching for file changes with StatReloader
D:\Babenko\Beetroot\project\cart\models.py changed, reloading.
Watching for file changes with StatReloader
Not Found: /favicon.ico
Not Found: /images/client-img.png
Not Found: /images/left-quote.png
Not Found: /images/right-quote.png
Not Found: /favicon.ico
Not Found: /favicon.ico
